{
  "status": "HARD_FAILURE",
  "log": {
    "artifact_name": "member_lookup",
    "artifact_version": "1.0.0",
    "start_time": 1789503428.114229,
    "end_time": 1789503430.804695,
    "duration_seconds": 2.6904659271240234,
    "status": "HARD_FAILURE",
    "input_parameters": {
      "member_id": "12345"
    },
    "output_parameters": {},
    "error": {
      "type": "HARD_FAILURE",
      "step_id": "step_1",
      "expected": "Successful TYPE_AND_ENTER",
      "observed": "Input value required for TYPE_AND_ENTER action",
      "error_message": "Input value required for TYPE_AND_ENTER action",
      "screenshot_path": "screenshots\\state_1789503430.png",
      "accessibility_tree": {
        "elements": [
          {
            "tagName": "A",
            "id": "",
            "name": "",
            "type": "",
            "textContent": "Account Summary",
            "placeholder": null
          },
          {
            "tagName": "A",
            "id": "",
            "name": "",
            "type": "",
            "textContent": "Transfer Funds",
            "placeholder": null
          },
          {
            "tagName": "A",
            "id": "",
            "name": "",
            "type": "",
            "textContent": "Bill Pay",
            "placeholder": null
          }
        ]
      }
    },
    "steps": [
      {
        "step_id": "step_1",
        "success": false,
        "action_type": "TYPE_AND_ENTER",
        "timestamp": 1789503428.1153734,
        "duration_ms": 2689.321517944336,
        "error": {
          "type": "HARD_FAILURE",
          "step_id": "step_1",
          "expected": "Successful TYPE_AND_ENTER",
          "observed": "Input value required for TYPE_AND_ENTER action",
          "error_message": "Input value required for TYPE_AND_ENTER action",
          "screenshot_path": "screenshots\\state_1789503430.png",
          "accessibility_tree": {
            "elements": [
              {
                "tagName": "A",
                "id": "",
                "name": "",
                "type": "",
                "textContent": "Account Summary",
                "placeholder": null
              },
              {
                "tagName": "A",
                "id": "",
                "name": "",
                "type": "",
                "textContent": "Transfer Funds",
                "placeholder": null
              },
              {
                "tagName": "A",
                "id": "",
                "name": "",
                "type": "",
                "textContent": "Bill Pay",
                "placeholder": null
              }
            ]
          }
        },
        "extracted_data": null,
        "state_before": {
          "url": "http://localhost:5000/",
          "timestamp": 1789503428.1153734
        },
        "state_after": {
          "url": "http://localhost:5000/",
          "timestamp": 1789503430.723117
        }
      }
    ]
  },
  "error": {
    "type": "HARD_FAILURE",
    "step_id": "step_1",
    "expected": "Successful TYPE_AND_ENTER",
    "observed": "Input value required for TYPE_AND_ENTER action",
    "error_message": "Input value required for TYPE_AND_ENTER action",
    "screenshot_path": "screenshots\\state_1789503430.png",
    "accessibility_tree": {
      "elements": [
        {
          "tagName": "A",
          "id": "",
          "name": "",
          "type": "",
          "textContent": "Account Summary",
          "placeholder": null
        },
        {
          "tagName": "A",
          "id": "",
          "name": "",
          "type": "",
          "textContent": "Transfer Funds",
          "placeholder": null
        },
        {
          "tagName": "A",
          "id": "",
          "name": "",
          "type": "",
          "textContent": "Bill Pay",
          "placeholder": null
        }
      ]
    }
  }
}